// Jest Snapshot v1, https://goo.gl/fbAQLP

exports[`NavMenu should render correctly 1`] = `
ShallowWrapper {
  Symbol(enzyme.__root__): [Circular],
  Symbol(enzyme.__unrendered__): <NavMenu />,
  Symbol(enzyme.__renderer__): Object {
    "batchedUpdates": [Function],
    "getNode": [Function],
    "render": [Function],
    "simulateEvent": [Function],
    "unmount": [Function],
  },
  Symbol(enzyme.__node__): Object {
    "instance": null,
    "key": undefined,
    "nodeType": "host",
    "props": Object {
      "children": <div>
        <NavLink
          activeClassName="active"
          aria-current="page"
          exact={true}
          to="/"
        >
          <FontAwesomeIcon
            border={false}
            className=""
            fixedWidth={false}
            flip={null}
            icon="home"
            inverse={false}
            listItem={false}
            mask={null}
            pull={null}
            pulse={false}
            rotation={null}
            size={null}
            spin={false}
            symbol={false}
            transform={null}
          />
           Home
        </NavLink>
        |
        <NavLink
          activeClassName="active"
          aria-current="page"
          to="/sessions"
        >
          <FontAwesomeIcon
            border={false}
            className=""
            fixedWidth={false}
            flip={null}
            icon="table"
            inverse={false}
            listItem={false}
            mask={null}
            pull={null}
            pulse={false}
            rotation={null}
            size={null}
            spin={false}
            symbol={false}
            transform={null}
          />
           Observation sessions
        </NavLink>
        |
        <NavLink
          activeClassName="active"
          aria-current="page"
          exact={true}
          to="/"
        >
          <FontAwesomeIcon
            border={false}
            className=""
            fixedWidth={false}
            flip={null}
            icon="plus"
            inverse={false}
            listItem={false}
            mask={null}
            pull={null}
            pulse={false}
            rotation={null}
            size={null}
            spin={false}
            symbol={false}
            transform={null}
          />
           Add session
        </NavLink>
        |
        <NavLink
          activeClassName="active"
          aria-current="page"
          to="/sessions"
        >
          <FontAwesomeIcon
            border={false}
            className=""
            fixedWidth={false}
            flip={null}
            icon="search"
            inverse={false}
            listItem={false}
            mask={null}
            pull={null}
            pulse={false}
            rotation={null}
            size={null}
            spin={false}
            symbol={false}
            transform={null}
          />
           Search observations
        </NavLink>
      </div>,
    },
    "ref": null,
    "rendered": Object {
      "instance": null,
      "key": undefined,
      "nodeType": "host",
      "props": Object {
        "children": Array [
          <NavLink
            activeClassName="active"
            aria-current="page"
            exact={true}
            to="/"
          >
            <FontAwesomeIcon
              border={false}
              className=""
              fixedWidth={false}
              flip={null}
              icon="home"
              inverse={false}
              listItem={false}
              mask={null}
              pull={null}
              pulse={false}
              rotation={null}
              size={null}
              spin={false}
              symbol={false}
              transform={null}
            />
             Home
          </NavLink>,
          "|",
          <NavLink
            activeClassName="active"
            aria-current="page"
            to="/sessions"
          >
            <FontAwesomeIcon
              border={false}
              className=""
              fixedWidth={false}
              flip={null}
              icon="table"
              inverse={false}
              listItem={false}
              mask={null}
              pull={null}
              pulse={false}
              rotation={null}
              size={null}
              spin={false}
              symbol={false}
              transform={null}
            />
             Observation sessions
          </NavLink>,
          "|",
          <NavLink
            activeClassName="active"
            aria-current="page"
            exact={true}
            to="/"
          >
            <FontAwesomeIcon
              border={false}
              className=""
              fixedWidth={false}
              flip={null}
              icon="plus"
              inverse={false}
              listItem={false}
              mask={null}
              pull={null}
              pulse={false}
              rotation={null}
              size={null}
              spin={false}
              symbol={false}
              transform={null}
            />
             Add session
          </NavLink>,
          "|",
          <NavLink
            activeClassName="active"
            aria-current="page"
            to="/sessions"
          >
            <FontAwesomeIcon
              border={false}
              className=""
              fixedWidth={false}
              flip={null}
              icon="search"
              inverse={false}
              listItem={false}
              mask={null}
              pull={null}
              pulse={false}
              rotation={null}
              size={null}
              spin={false}
              symbol={false}
              transform={null}
            />
             Search observations
          </NavLink>,
        ],
      },
      "ref": null,
      "rendered": Array [
        Object {
          "instance": null,
          "key": undefined,
          "nodeType": "function",
          "props": Object {
            "activeClassName": "active",
            "aria-current": "page",
            "children": Array [
              <FontAwesomeIcon
                border={false}
                className=""
                fixedWidth={false}
                flip={null}
                icon="home"
                inverse={false}
                listItem={false}
                mask={null}
                pull={null}
                pulse={false}
                rotation={null}
                size={null}
                spin={false}
                symbol={false}
                transform={null}
              />,
              " Home",
            ],
            "exact": true,
            "to": "/",
          },
          "ref": null,
          "rendered": Array [
            Object {
              "instance": null,
              "key": undefined,
              "nodeType": "function",
              "props": Object {
                "border": false,
                "className": "",
                "fixedWidth": false,
                "flip": null,
                "icon": "home",
                "inverse": false,
                "listItem": false,
                "mask": null,
                "pull": null,
                "pulse": false,
                "rotation": null,
                "size": null,
                "spin": false,
                "symbol": false,
                "transform": null,
              },
              "ref": null,
              "rendered": null,
              "type": [Function],
            },
            " Home",
          ],
          "type": [Function],
        },
        "|",
        Object {
          "instance": null,
          "key": undefined,
          "nodeType": "function",
          "props": Object {
            "activeClassName": "active",
            "aria-current": "page",
            "children": Array [
              <FontAwesomeIcon
                border={false}
                className=""
                fixedWidth={false}
                flip={null}
                icon="table"
                inverse={false}
                listItem={false}
                mask={null}
                pull={null}
                pulse={false}
                rotation={null}
                size={null}
                spin={false}
                symbol={false}
                transform={null}
              />,
              " Observation sessions",
            ],
            "to": "/sessions",
          },
          "ref": null,
          "rendered": Array [
            Object {
              "instance": null,
              "key": undefined,
              "nodeType": "function",
              "props": Object {
                "border": false,
                "className": "",
                "fixedWidth": false,
                "flip": null,
                "icon": "table",
                "inverse": false,
                "listItem": false,
                "mask": null,
                "pull": null,
                "pulse": false,
                "rotation": null,
                "size": null,
                "spin": false,
                "symbol": false,
                "transform": null,
              },
              "ref": null,
              "rendered": null,
              "type": [Function],
            },
            " Observation sessions",
          ],
          "type": [Function],
        },
        "|",
        Object {
          "instance": null,
          "key": undefined,
          "nodeType": "function",
          "props": Object {
            "activeClassName": "active",
            "aria-current": "page",
            "children": Array [
              <FontAwesomeIcon
                border={false}
                className=""
                fixedWidth={false}
                flip={null}
                icon="plus"
                inverse={false}
                listItem={false}
                mask={null}
                pull={null}
                pulse={false}
                rotation={null}
                size={null}
                spin={false}
                symbol={false}
                transform={null}
              />,
              " Add session",
            ],
            "exact": true,
            "to": "/",
          },
          "ref": null,
          "rendered": Array [
            Object {
              "instance": null,
              "key": undefined,
              "nodeType": "function",
              "props": Object {
                "border": false,
                "className": "",
                "fixedWidth": false,
                "flip": null,
                "icon": "plus",
                "inverse": false,
                "listItem": false,
                "mask": null,
                "pull": null,
                "pulse": false,
                "rotation": null,
                "size": null,
                "spin": false,
                "symbol": false,
                "transform": null,
              },
              "ref": null,
              "rendered": null,
              "type": [Function],
            },
            " Add session",
          ],
          "type": [Function],
        },
        "|",
        Object {
          "instance": null,
          "key": undefined,
          "nodeType": "function",
          "props": Object {
            "activeClassName": "active",
            "aria-current": "page",
            "children": Array [
              <FontAwesomeIcon
                border={false}
                className=""
                fixedWidth={false}
                flip={null}
                icon="search"
                inverse={false}
                listItem={false}
                mask={null}
                pull={null}
                pulse={false}
                rotation={null}
                size={null}
                spin={false}
                symbol={false}
                transform={null}
              />,
              " Search observations",
            ],
            "to": "/sessions",
          },
          "ref": null,
          "rendered": Array [
            Object {
              "instance": null,
              "key": undefined,
              "nodeType": "function",
              "props": Object {
                "border": false,
                "className": "",
                "fixedWidth": false,
                "flip": null,
                "icon": "search",
                "inverse": false,
                "listItem": false,
                "mask": null,
                "pull": null,
                "pulse": false,
                "rotation": null,
                "size": null,
                "spin": false,
                "symbol": false,
                "transform": null,
              },
              "ref": null,
              "rendered": null,
              "type": [Function],
            },
            " Search observations",
          ],
          "type": [Function],
        },
      ],
      "type": "div",
    },
    "type": "div",
  },
  Symbol(enzyme.__nodes__): Array [
    Object {
      "instance": null,
      "key": undefined,
      "nodeType": "host",
      "props": Object {
        "children": <div>
          <NavLink
            activeClassName="active"
            aria-current="page"
            exact={true}
            to="/"
          >
            <FontAwesomeIcon
              border={false}
              className=""
              fixedWidth={false}
              flip={null}
              icon="home"
              inverse={false}
              listItem={false}
              mask={null}
              pull={null}
              pulse={false}
              rotation={null}
              size={null}
              spin={false}
              symbol={false}
              transform={null}
            />
             Home
          </NavLink>
          |
          <NavLink
            activeClassName="active"
            aria-current="page"
            to="/sessions"
          >
            <FontAwesomeIcon
              border={false}
              className=""
              fixedWidth={false}
              flip={null}
              icon="table"
              inverse={false}
              listItem={false}
              mask={null}
              pull={null}
              pulse={false}
              rotation={null}
              size={null}
              spin={false}
              symbol={false}
              transform={null}
            />
             Observation sessions
          </NavLink>
          |
          <NavLink
            activeClassName="active"
            aria-current="page"
            exact={true}
            to="/"
          >
            <FontAwesomeIcon
              border={false}
              className=""
              fixedWidth={false}
              flip={null}
              icon="plus"
              inverse={false}
              listItem={false}
              mask={null}
              pull={null}
              pulse={false}
              rotation={null}
              size={null}
              spin={false}
              symbol={false}
              transform={null}
            />
             Add session
          </NavLink>
          |
          <NavLink
            activeClassName="active"
            aria-current="page"
            to="/sessions"
          >
            <FontAwesomeIcon
              border={false}
              className=""
              fixedWidth={false}
              flip={null}
              icon="search"
              inverse={false}
              listItem={false}
              mask={null}
              pull={null}
              pulse={false}
              rotation={null}
              size={null}
              spin={false}
              symbol={false}
              transform={null}
            />
             Search observations
          </NavLink>
        </div>,
      },
      "ref": null,
      "rendered": Object {
        "instance": null,
        "key": undefined,
        "nodeType": "host",
        "props": Object {
          "children": Array [
            <NavLink
              activeClassName="active"
              aria-current="page"
              exact={true}
              to="/"
            >
              <FontAwesomeIcon
                border={false}
                className=""
                fixedWidth={false}
                flip={null}
                icon="home"
                inverse={false}
                listItem={false}
                mask={null}
                pull={null}
                pulse={false}
                rotation={null}
                size={null}
                spin={false}
                symbol={false}
                transform={null}
              />
               Home
            </NavLink>,
            "|",
            <NavLink
              activeClassName="active"
              aria-current="page"
              to="/sessions"
            >
              <FontAwesomeIcon
                border={false}
                className=""
                fixedWidth={false}
                flip={null}
                icon="table"
                inverse={false}
                listItem={false}
                mask={null}
                pull={null}
                pulse={false}
                rotation={null}
                size={null}
                spin={false}
                symbol={false}
                transform={null}
              />
               Observation sessions
            </NavLink>,
            "|",
            <NavLink
              activeClassName="active"
              aria-current="page"
              exact={true}
              to="/"
            >
              <FontAwesomeIcon
                border={false}
                className=""
                fixedWidth={false}
                flip={null}
                icon="plus"
                inverse={false}
                listItem={false}
                mask={null}
                pull={null}
                pulse={false}
                rotation={null}
                size={null}
                spin={false}
                symbol={false}
                transform={null}
              />
               Add session
            </NavLink>,
            "|",
            <NavLink
              activeClassName="active"
              aria-current="page"
              to="/sessions"
            >
              <FontAwesomeIcon
                border={false}
                className=""
                fixedWidth={false}
                flip={null}
                icon="search"
                inverse={false}
                listItem={false}
                mask={null}
                pull={null}
                pulse={false}
                rotation={null}
                size={null}
                spin={false}
                symbol={false}
                transform={null}
              />
               Search observations
            </NavLink>,
          ],
        },
        "ref": null,
        "rendered": Array [
          Object {
            "instance": null,
            "key": undefined,
            "nodeType": "function",
            "props": Object {
              "activeClassName": "active",
              "aria-current": "page",
              "children": Array [
                <FontAwesomeIcon
                  border={false}
                  className=""
                  fixedWidth={false}
                  flip={null}
                  icon="home"
                  inverse={false}
                  listItem={false}
                  mask={null}
                  pull={null}
                  pulse={false}
                  rotation={null}
                  size={null}
                  spin={false}
                  symbol={false}
                  transform={null}
                />,
                " Home",
              ],
              "exact": true,
              "to": "/",
            },
            "ref": null,
            "rendered": Array [
              Object {
                "instance": null,
                "key": undefined,
                "nodeType": "function",
                "props": Object {
                  "border": false,
                  "className": "",
                  "fixedWidth": false,
                  "flip": null,
                  "icon": "home",
                  "inverse": false,
                  "listItem": false,
                  "mask": null,
                  "pull": null,
                  "pulse": false,
                  "rotation": null,
                  "size": null,
                  "spin": false,
                  "symbol": false,
                  "transform": null,
                },
                "ref": null,
                "rendered": null,
                "type": [Function],
              },
              " Home",
            ],
            "type": [Function],
          },
          "|",
          Object {
            "instance": null,
            "key": undefined,
            "nodeType": "function",
            "props": Object {
              "activeClassName": "active",
              "aria-current": "page",
              "children": Array [
                <FontAwesomeIcon
                  border={false}
                  className=""
                  fixedWidth={false}
                  flip={null}
                  icon="table"
                  inverse={false}
                  listItem={false}
                  mask={null}
                  pull={null}
                  pulse={false}
                  rotation={null}
                  size={null}
                  spin={false}
                  symbol={false}
                  transform={null}
                />,
                " Observation sessions",
              ],
              "to": "/sessions",
            },
            "ref": null,
            "rendered": Array [
              Object {
                "instance": null,
                "key": undefined,
                "nodeType": "function",
                "props": Object {
                  "border": false,
                  "className": "",
                  "fixedWidth": false,
                  "flip": null,
                  "icon": "table",
                  "inverse": false,
                  "listItem": false,
                  "mask": null,
                  "pull": null,
                  "pulse": false,
                  "rotation": null,
                  "size": null,
                  "spin": false,
                  "symbol": false,
                  "transform": null,
                },
                "ref": null,
                "rendered": null,
                "type": [Function],
              },
              " Observation sessions",
            ],
            "type": [Function],
          },
          "|",
          Object {
            "instance": null,
            "key": undefined,
            "nodeType": "function",
            "props": Object {
              "activeClassName": "active",
              "aria-current": "page",
              "children": Array [
                <FontAwesomeIcon
                  border={false}
                  className=""
                  fixedWidth={false}
                  flip={null}
                  icon="plus"
                  inverse={false}
                  listItem={false}
                  mask={null}
                  pull={null}
                  pulse={false}
                  rotation={null}
                  size={null}
                  spin={false}
                  symbol={false}
                  transform={null}
                />,
                " Add session",
              ],
              "exact": true,
              "to": "/",
            },
            "ref": null,
            "rendered": Array [
              Object {
                "instance": null,
                "key": undefined,
                "nodeType": "function",
                "props": Object {
                  "border": false,
                  "className": "",
                  "fixedWidth": false,
                  "flip": null,
                  "icon": "plus",
                  "inverse": false,
                  "listItem": false,
                  "mask": null,
                  "pull": null,
                  "pulse": false,
                  "rotation": null,
                  "size": null,
                  "spin": false,
                  "symbol": false,
                  "transform": null,
                },
                "ref": null,
                "rendered": null,
                "type": [Function],
              },
              " Add session",
            ],
            "type": [Function],
          },
          "|",
          Object {
            "instance": null,
            "key": undefined,
            "nodeType": "function",
            "props": Object {
              "activeClassName": "active",
              "aria-current": "page",
              "children": Array [
                <FontAwesomeIcon
                  border={false}
                  className=""
                  fixedWidth={false}
                  flip={null}
                  icon="search"
                  inverse={false}
                  listItem={false}
                  mask={null}
                  pull={null}
                  pulse={false}
                  rotation={null}
                  size={null}
                  spin={false}
                  symbol={false}
                  transform={null}
                />,
                " Search observations",
              ],
              "to": "/sessions",
            },
            "ref": null,
            "rendered": Array [
              Object {
                "instance": null,
                "key": undefined,
                "nodeType": "function",
                "props": Object {
                  "border": false,
                  "className": "",
                  "fixedWidth": false,
                  "flip": null,
                  "icon": "search",
                  "inverse": false,
                  "listItem": false,
                  "mask": null,
                  "pull": null,
                  "pulse": false,
                  "rotation": null,
                  "size": null,
                  "spin": false,
                  "symbol": false,
                  "transform": null,
                },
                "ref": null,
                "rendered": null,
                "type": [Function],
              },
              " Search observations",
            ],
            "type": [Function],
          },
        ],
        "type": "div",
      },
      "type": "div",
    },
  ],
  Symbol(enzyme.__options__): Object {
    "adapter": ReactSixteenAdapter {
      "options": Object {
        "enableComponentDidUpdateOnSetState": true,
        "lifecycles": Object {
          "componentDidUpdate": Object {
            "onSetState": true,
          },
          "getSnapshotBeforeUpdate": true,
        },
      },
    },
    "attachTo": undefined,
    "hydrateIn": undefined,
  },
}
`;
